[tradufotos ERROR] QA failed: QA parse error
[tradufotos ERROR] QA failed: QA parse error
[tradufotos ERROR] Translation failed for language 'ar': Error code: 400 - {'error': {'message': "Invalid type for 'messages[0].content': expected one of a string or array of objects, but got an object instead.", 'type': 'invalid_request_error', 'param': 'messages[0].content', 'code': 'invalid_type'}}
[tradufotos ERROR] Translation failed for language 'bn': Error code: 400 - {'error': {'message': "Invalid type for 'messages[0].content': expected one of a string or array of objects, but got an object instead.", 'type': 'invalid_request_error', 'param': 'messages[0].content', 'code': 'invalid_type'}}
[tradufotos ERROR] Translation failed for language 'nl': Error code: 400 - {'error': {'message': "Invalid type for 'messages[0].content': expected one of a string or array of objects, but got an object instead.", 'type': 'invalid_request_error', 'param': 'messages[0].content', 'code': 'invalid_type'}}
[tradufotos ERROR] Translation failed for language 'en': Error code: 400 - {'error': {'message': "Invalid type for 'messages[0].content': expected one of a string or array of objects, but got an object instead.", 'type': 'invalid_request_error', 'param': 'messages[0].content', 'code': 'invalid_type'}}
[tradufotos ERROR] Translation failed for language 'fr': Error code: 400 - {'error': {'message': "Invalid type for 'messages[0].content': expected one of a string or array of objects, but got an object instead.", 'type': 'invalid_request_error', 'param': 'messages[0].content', 'code': 'invalid_type'}}
[tradufotos ERROR] Translation failed for language 'de': Error code: 400 - {'error': {'message': "Invalid type for 'messages[0].content': expected one of a string or array of objects, but got an object instead.", 'type': 'invalid_request_error', 'param': 'messages[0].content', 'code': 'invalid_type'}}
[tradufotos ERROR] Translation failed for language 'he': Error code: 400 - {'error': {'message': "Invalid type for 'messages[0].content': expected one of a string or array of objects, but got an object instead.", 'type': 'invalid_request_error', 'param': 'messages[0].content', 'code': 'invalid_type'}}
[tradufotos ERROR] Translation failed for language 'hi': Error code: 400 - {'error': {'message': "Invalid type for 'messages[0].content': expected one of a string or array of objects, but got an object instead.", 'type': 'invalid_request_error', 'param': 'messages[0].content', 'code': 'invalid_type'}}
[tradufotos ERROR] Translation failed for language 'id': Error code: 400 - {'error': {'message': "Invalid type for 'messages[0].content': expected one of a string or array of objects, but got an object instead.", 'type': 'invalid_request_error', 'param': 'messages[0].content', 'code': 'invalid_type'}}
[tradufotos ERROR] Translation failed for language 'it': Error code: 400 - {'error': {'message': "Invalid type for 'messages[0].content': expected one of a string or array of objects, but got an object instead.", 'type': 'invalid_request_error', 'param': 'messages[0].content', 'code': 'invalid_type'}}
[tradufotos ERROR] Translation failed for language 'ja': Error code: 400 - {'error': {'message': "Invalid type for 'messages[0].content': expected one of a string or array of objects, but got an object instead.", 'type': 'invalid_request_error', 'param': 'messages[0].content', 'code': 'invalid_type'}}
[tradufotos ERROR] Translation failed for language 'ms': Error code: 400 - {'error': {'message': "Invalid type for 'messages[0].content': expected one of a string or array of objects, but got an object instead.", 'type': 'invalid_request_error', 'param': 'messages[0].content', 'code': 'invalid_type'}}
[tradufotos ERROR] Translation failed for language 'pl': Error code: 400 - {'error': {'message': "Invalid type for 'messages[0].content': expected one of a string or array of objects, but got an object instead.", 'type': 'invalid_request_error', 'param': 'messages[0].content', 'code': 'invalid_type'}}
[tradufotos ERROR] Translation failed for language 'pt': Error code: 400 - {'error': {'message': "Invalid type for 'messages[0].content': expected one of a string or array of objects, but got an object instead.", 'type': 'invalid_request_error', 'param': 'messages[0].content', 'code': 'invalid_type'}}
[tradufotos ERROR] Translation failed for language 'ro': Error code: 400 - {'error': {'message': "Invalid type for 'messages[0].content': expected one of a string or array of objects, but got an object instead.", 'type': 'invalid_request_error', 'param': 'messages[0].content', 'code': 'invalid_type'}}
[tradufotos ERROR] Translation failed for language 'sv': Error code: 400 - {'error': {'message': "Invalid type for 'messages[0].content': expected one of a string or array of objects, but got an object instead.", 'type': 'invalid_request_error', 'param': 'messages[0].content', 'code': 'invalid_type'}}
[tradufotos ERROR] Translation failed for language 'tl': Error code: 400 - {'error': {'message': "Invalid type for 'messages[0].content': expected one of a string or array of objects, but got an object instead.", 'type': 'invalid_request_error', 'param': 'messages[0].content', 'code': 'invalid_type'}}
[tradufotos ERROR] Translation failed for language 'zh-TW': Error code: 400 - {'error': {'message': "Invalid type for 'messages[0].content': expected one of a string or array of objects, but got an object instead.", 'type': 'invalid_request_error', 'param': 'messages[0].content', 'code': 'invalid_type'}}
[tradufotos ERROR] Translation failed for language 'th': Error code: 400 - {'error': {'message': "Invalid type for 'messages[0].content': expected one of a string or array of objects, but got an object instead.", 'type': 'invalid_request_error', 'param': 'messages[0].content', 'code': 'invalid_type'}}
[tradufotos ERROR] Translation failed for language 'tr': Error code: 400 - {'error': {'message': "Invalid type for 'messages[0].content': expected one of a string or array of objects, but got an object instead.", 'type': 'invalid_request_error', 'param': 'messages[0].content', 'code': 'invalid_type'}}
[tradufotos ERROR] Translation failed for language 'uk': Error code: 400 - {'error': {'message': "Invalid type for 'messages[0].content': expected one of a string or array of objects, but got an object instead.", 'type': 'invalid_request_error', 'param': 'messages[0].content', 'code': 'invalid_type'}}
[tradufotos ERROR] Translation failed for language 'vi': Error code: 400 - {'error': {'message': "Invalid type for 'messages[0].content': expected one of a string or array of objects, but got an object instead.", 'type': 'invalid_request_error', 'param': 'messages[0].content', 'code': 'invalid_type'}}
